// Jest Snapshot v1, https://goo.gl/fbAQLP

exports[`reducers counter should handle initial state 1`] = `
Object {
  "value": 0,
}
`;
